// Jest Snapshot v1, https://goo.gl/fbAQLP

exports[`<App /> Should render correctly compare with snapshot 1`] = `
<div
  className="app"
>
  <h1
    className="app__title"
  >
    Tic Tac Toe
  </h1>
  <div
    className="app__game-board"
  >
    <p
      className="message"
    >
      <span
        className="message__span"
      />
      <i
        className="icon gameboard__message-icon"
      />
    </p>
    <div
      className="gameboard__controller"
    >
      <div
        className="gameboard__controller-col gameboard__controller-col--left"
      >
        <label
          className="toggle"
        >
          <span
            className="toggle__label"
          >
            First Move
          </span>
          <i
            className="icon icon--circle toggle__icon-placeholder toggle__icon-placeholder--selected toggle__icon-placeholder--circle"
          />
          <span
            className="toggle__knob-placeholder"
          >
            <span
              className="toggle__knob"
            />
            <input
              className="toggle__input"
              disabled={false}
              onChange={[Function]}
              type="checkbox"
            />
          </span>
          <i
            className="icon icon--cross toggle__icon-placeholder toggle__icon-placeholder--cross"
          />
        </label>
      </div>
      <div
        className="gameboard__controller-col gameboard__controller-col--right"
      >
        <button
          className="gameboard__btn"
          disabled={true}
          onClick={[Function]}
        >
          <i
            className="icon icon--redo gameboard__icon"
          />
          <span
            className="gameboard__btn-span"
          >
            Restart
          </span>
        </button>
      </div>
    </div>
    <div
      className="gameboard"
    >
      <div
        className="gameboard__row"
      >
        <div
          className="gameboard__col"
        >
          <div
            className="gameboard__tile"
          >
            <fieldset
              className="gameboard__fieldset"
            >
              <label
                className="tile__label"
                htmlFor="00-o"
              >
                <i
                  className="tile__placeholder icon icon--circle"
                />
              </label>
              <input
                checked={false}
                className="tile__radio-input"
                disabled={false}
                id="00-o"
                name="00-o"
                onChange={[Function]}
                type="radio"
                value="o"
              />
              <input
                checked={false}
                className="tile__radio-input"
                disabled={false}
                id="00-x"
                name="00-x"
                onChange={[Function]}
                type="radio"
                value="x"
              />
            </fieldset>
          </div>
        </div>
        <div
          className="gameboard__col"
        >
          <div
            className="gameboard__tile"
          >
            <fieldset
              className="gameboard__fieldset"
            >
              <label
                className="tile__label"
                htmlFor="01-o"
              >
                <i
                  className="tile__placeholder icon icon--circle"
                />
              </label>
              <input
                checked={false}
                className="tile__radio-input"
                disabled={false}
                id="01-o"
                name="01-o"
                onChange={[Function]}
                type="radio"
                value="o"
              />
              <input
                checked={false}
                className="tile__radio-input"
                disabled={false}
                id="01-x"
                name="01-x"
                onChange={[Function]}
                type="radio"
                value="x"
              />
            </fieldset>
          </div>
        </div>
        <div
          className="gameboard__col"
        >
          <div
            className="gameboard__tile"
          >
            <fieldset
              className="gameboard__fieldset"
            >
              <label
                className="tile__label"
                htmlFor="02-o"
              >
                <i
                  className="tile__placeholder icon icon--circle"
                />
              </label>
              <input
                checked={false}
                className="tile__radio-input"
                disabled={false}
                id="02-o"
                name="02-o"
                onChange={[Function]}
                type="radio"
                value="o"
              />
              <input
                checked={false}
                className="tile__radio-input"
                disabled={false}
                id="02-x"
                name="02-x"
                onChange={[Function]}
                type="radio"
                value="x"
              />
            </fieldset>
          </div>
        </div>
      </div>
      <div
        className="gameboard__row"
      >
        <div
          className="gameboard__col"
        >
          <div
            className="gameboard__tile"
          >
            <fieldset
              className="gameboard__fieldset"
            >
              <label
                className="tile__label"
                htmlFor="10-o"
              >
                <i
                  className="tile__placeholder icon icon--circle"
                />
              </label>
              <input
                checked={false}
                className="tile__radio-input"
                disabled={false}
                id="10-o"
                name="10-o"
                onChange={[Function]}
                type="radio"
                value="o"
              />
              <input
                checked={false}
                className="tile__radio-input"
                disabled={false}
                id="10-x"
                name="10-x"
                onChange={[Function]}
                type="radio"
                value="x"
              />
            </fieldset>
          </div>
        </div>
        <div
          className="gameboard__col"
        >
          <div
            className="gameboard__tile"
          >
            <fieldset
              className="gameboard__fieldset"
            >
              <label
                className="tile__label"
                htmlFor="11-o"
              >
                <i
                  className="tile__placeholder icon icon--circle"
                />
              </label>
              <input
                checked={false}
                className="tile__radio-input"
                disabled={false}
                id="11-o"
                name="11-o"
                onChange={[Function]}
                type="radio"
                value="o"
              />
              <input
                checked={false}
                className="tile__radio-input"
                disabled={false}
                id="11-x"
                name="11-x"
                onChange={[Function]}
                type="radio"
                value="x"
              />
            </fieldset>
          </div>
        </div>
        <div
          className="gameboard__col"
        >
          <div
            className="gameboard__tile"
          >
            <fieldset
              className="gameboard__fieldset"
            >
              <label
                className="tile__label"
                htmlFor="12-o"
              >
                <i
                  className="tile__placeholder icon icon--circle"
                />
              </label>
              <input
                checked={false}
                className="tile__radio-input"
                disabled={false}
                id="12-o"
                name="12-o"
                onChange={[Function]}
                type="radio"
                value="o"
              />
              <input
                checked={false}
                className="tile__radio-input"
                disabled={false}
                id="12-x"
                name="12-x"
                onChange={[Function]}
                type="radio"
                value="x"
              />
            </fieldset>
          </div>
        </div>
      </div>
      <div
        className="gameboard__row"
      >
        <div
          className="gameboard__col"
        >
          <div
            className="gameboard__tile"
          >
            <fieldset
              className="gameboard__fieldset"
            >
              <label
                className="tile__label"
                htmlFor="20-o"
              >
                <i
                  className="tile__placeholder icon icon--circle"
                />
              </label>
              <input
                checked={false}
                className="tile__radio-input"
                disabled={false}
                id="20-o"
                name="20-o"
                onChange={[Function]}
                type="radio"
                value="o"
              />
              <input
                checked={false}
                className="tile__radio-input"
                disabled={false}
                id="20-x"
                name="20-x"
                onChange={[Function]}
                type="radio"
                value="x"
              />
            </fieldset>
          </div>
        </div>
        <div
          className="gameboard__col"
        >
          <div
            className="gameboard__tile"
          >
            <fieldset
              className="gameboard__fieldset"
            >
              <label
                className="tile__label"
                htmlFor="21-o"
              >
                <i
                  className="tile__placeholder icon icon--circle"
                />
              </label>
              <input
                checked={false}
                className="tile__radio-input"
                disabled={false}
                id="21-o"
                name="21-o"
                onChange={[Function]}
                type="radio"
                value="o"
              />
              <input
                checked={false}
                className="tile__radio-input"
                disabled={false}
                id="21-x"
                name="21-x"
                onChange={[Function]}
                type="radio"
                value="x"
              />
            </fieldset>
          </div>
        </div>
        <div
          className="gameboard__col"
        >
          <div
            className="gameboard__tile"
          >
            <fieldset
              className="gameboard__fieldset"
            >
              <label
                className="tile__label"
                htmlFor="22-o"
              >
                <i
                  className="tile__placeholder icon icon--circle"
                />
              </label>
              <input
                checked={false}
                className="tile__radio-input"
                disabled={false}
                id="22-o"
                name="22-o"
                onChange={[Function]}
                type="radio"
                value="o"
              />
              <input
                checked={false}
                className="tile__radio-input"
                disabled={false}
                id="22-x"
                name="22-x"
                onChange={[Function]}
                type="radio"
                value="x"
              />
            </fieldset>
          </div>
        </div>
      </div>
      <div
        className="gameboard__horizontal-lines"
      />
      <div
        className="gameboard__vertical-lines"
      />
    </div>
  </div>
  <footer>
    <p
      className="app__author"
    >
      Created by 
      <strong>
        Louis Phang
      </strong>
    </p>
  </footer>
</div>
`;
